✖ V110 B80: stopping a cycle queued behind another native Web Lock preserves saved bytes (591.048833ms)
✖ V110 B80: cancellation before a granted callback enters prevents its write (80.316958ms)
✔ V110 B80: abort after the synchronous commit enters preserves its recorded result (240.206542ms)
ℹ tests 3
ℹ suites 0
ℹ pass 1
ℹ fail 2
ℹ cancelled 0
ℹ skipped 0
ℹ todo 0
ℹ duration_ms 2300.935375

✖ failing tests:

test at ../../../private/tmp/falcon-dashboard-source-r9g2sbv8/B80-before-control/web/test/dashboard.test.mjs:180:1
✖ V110 B80: stopping a cycle queued behind another native Web Lock preserves saved bytes (591.048833ms)
  AssertionError [ERR_ASSERTION]: Expected values to be strictly equal:
  + actual - expected
  
  + undefined
  - 'AbortError'
  
      at TestContext.<anonymous> (file:///private/tmp/falcon-dashboard-source-r9g2sbv8/B80-before-control/web/test/dashboard.test.mjs:200:10)
      at async Test.run (node:internal/test_runner/test:1389:7)
      at async startSubtestAfterBootstrap (node:internal/test_runner/harness:387:3) {
    generatedMessage: true,
    code: 'ERR_ASSERTION',
    actual: undefined,
    expected: 'AbortError',
    operator: 'strictEqual',
    diff: 'simple'
  }

test at ../../../private/tmp/falcon-dashboard-source-r9g2sbv8/B80-before-control/web/test/dashboard.test.mjs:206:1
✖ V110 B80: cancellation before a granted callback enters prevents its write (80.316958ms)
  AssertionError [ERR_ASSERTION]: Expected values to be strictly equal:
  + actual - expected
  
  + undefined
  - 'AbortError'
  
      at TestContext.<anonymous> (file:///private/tmp/falcon-dashboard-source-r9g2sbv8/B80-before-control/web/test/dashboard.test.mjs:223:10)
      at async Test.run (node:internal/test_runner/test:1389:7)
      at async Test.processPendingSubtests (node:internal/test_runner/test:960:7) {
    generatedMessage: true,
    code: 'ERR_ASSERTION',
    actual: undefined,
    expected: 'AbortError',
    operator: 'strictEqual',
    diff: 'simple'
  }
