✖ REPO-VERIFY-1: isolated API linkage rejects an absolute import outside the release (271.355791ms)
ℹ tests 1
ℹ suites 0
ℹ pass 0
ℹ fail 1
ℹ cancelled 0
ℹ skipped 0
ℹ todo 0
ℹ duration_ms 335.516167

✖ failing tests:

test at scripts/test/release-boundaries.test.mjs:145:1
✖ REPO-VERIFY-1: isolated API linkage rejects an absolute import outside the release (271.355791ms)
  AssertionError [ERR_ASSERTION]: {"status":"PASS","check":"mesh-release-inputs","declaredFiles":17,"isolatedLinkage":true,"databaseChecked":false,"dockerImageChecked":false}
  
  
  0 !== 1
  
      at rejected (file:///private/tmp/falcon-boundary-negative-WK0W4s/scripts/test/release-boundaries.test.mjs:52:10)
      at TestContext.<anonymous> (file:///private/tmp/falcon-boundary-negative-WK0W4s/scripts/test/release-boundaries.test.mjs:151:3)
      at async Test.run (node:internal/test_runner/test:1389:7)
      at async startSubtestAfterBootstrap (node:internal/test_runner/harness:387:3) {
    generatedMessage: false,
    code: 'ERR_ASSERTION',
    actual: 0,
    expected: 1,
    operator: 'strictEqual',
    diff: 'simple'
  }
