
> falcon-knowledge-mesh@0.1.0 test
> node --test test/*.test.mjs

✔ V98: source labels reject text that cannot round-trip through Postgres JSONB (4.072959ms)
✔ V98: source URLs reject decoded null and malformed Unicode before storage (0.205292ms)
✔ V91: source validation preserves exact content semantics and permits cross-document references (2.375875ms)
✔ V91: source trust boundary rejects unsupported modes, fields, times, amounts, and malformed JSON (0.759917ms)
✔ V91: source IDs and typed relations reject duplicates and local endpoint mismatches (0.49375ms)
✔ V91,V93: projection sorts definitions and merges matching attestations without input mutation (0.973125ms)
✔ V91: projection rejects source metadata/hash mismatches and repeated current source identities (0.356959ms)
✔ V93: shared liquidity covers the exact combined exit and excludes unrelated positions (1.094875ms)
✔ V93: insufficient shared liquidity blocks every connected position, not only the larger one (0.524583ms)
✔ V93: changing a relationship changes the affected set before the amount is calculated (0.526458ms)
✔ V93: integer arithmetic remains exact above Number.MAX_SAFE_INTEGER and when totals exceed u64 (1.027125ms)
✔ V93: missing observation links, protocol links, position assets, and dangling endpoints yield NO_DATA (1.518334ms)
✔ V93: isolated observations and reserves with no positions are incomplete, not an empty READY result (0.7325ms)
✔ V93: stale, future, and unavailable liquidity never produces READY (1.464458ms)
✔ V93: multiple observations and contradictory node definitions are explicit conflicts (0.816042ms)
✔ V93: a mismatched asset or multiple reserve assignments cannot support an exit calculation (0.517792ms)
✔ V93: required paths exceeding maxHops are truncated, including an already visited asset (1.602875ms)
✔ V93: traversal node and edge limits cannot be mistaken for complete evidence (3.868375ms)
✔ V93: a capped graph remains explicitly truncated even when the selected canvas looks usable (2.93025ms)
✔ V93,V94: analysis validates provenance, stays deterministic, and does not alter historical inputs (0.9725ms)
✔ V92: empty or malformed token configuration fails closed (0.916416ms)
✔ V95: configured CORS origins are exact and HTTPS except loopback (1.439667ms)
✔ V112: known-length overflow returns a complete error and drains the remaining upload (35.024625ms)
✔ V112: chunked overflow returns a complete error and drains the remaining upload (10.871791ms)
✔ V112: known-length unsupported content type returns a complete error and drains the remaining upload (3.90775ms)
✔ V112: chunked unauthorized request returns a complete error and drains the remaining upload (2.673084ms)
▶ I15/V91-V96: authenticated HTTP source -> graph -> saved analysis uses real Postgres
  ✔ V92: every data route requires a valid credential (31.479375ms)
  ✔ V95: foreign origins, malformed JSON, caller owner and oversized bodies fail (26.68975ms)
  ✔ V91/V93: sources commit before graph and analysis become readable (17.311334ms)
  ✔ V92: another owner cannot see graph, sources or saved records (8.477292ms)
  ✔ V93/V94: new liquidity changes connected analysis and preserves original history (13.994ms)
✔ I15/V91-V96: authenticated HTTP source -> graph -> saved analysis uses real Postgres (118.053125ms)
✔ V97,V99: preparation retains coherent chain evidence and builds the exact obligation-free ABI (39.06475ms)
✔ V97: redeem uses receipt units and exact redemption account order (6.305791ms)
✔ V97: invalid amount and supply cap fail before any RPC (1.184333ms)
✔ V99: wrong genesis cannot progress to account reads (1.3605ms)
✔ V97,V99: account identity, version, ownership, clock and stale oracle failures block preparation (24.849416ms)
✔ V97: supply rejects required permission; direct redemption remains available with cToken usage disabled (6.944625ms)
✔ V97: redemption cannot use queued liquidity or bypass a withdrawal cap (2.718375ms)
✔ V97: simulation failure, missing accounts, changed owner and inconsistent deltas cannot prepare an intent (15.747209ms)
✔ V99: oversized and malformed RPC responses fail with safe transport errors (3.097292ms)
✔ V97: signed registration proves the sole wallet signature and rejects altered messages (24.392583ms)
✔ V97: receipt verifies transaction-local deltas, including new ATA and rounded supply debit (25.569708ms)
✔ V97: redemption receipt burns exact requested receipt units and records actual USDC (12.656333ms)
✔ V97,V99: wrong chain, message, mint, owner, account, missing or duplicate balances never confirm (50.170541ms)
✔ V97: unavailable and failed transactions remain distinct from confirmed effects (7.377333ms)
✔ V102: missing receipt after blockhash expiry is unverified rather than pending forever (10.142042ms)
✔ V101: prepared intent retains the exact request and original analysis across a fresh connection (75.402167ms)
✔ V101: preparation retry returns its original result without fresh evidence or another adapter call (11.405667ms)
✔ V101: stale or changed live evidence blocks preparation before the adapter runs (15.50375ms)
✔ V101: source head change during preparation rejects persistence under the owner lock (26.654042ms)
✔ V101: evidence that expires while the adapter runs cannot be committed (8.582917ms)
✔ V101: concurrent identical preparation requests retain one winning intent (20.253166ms)
✔ V101: invalid requests, nonlive analyses and malformed or oversized prepared evidence leave no intent (35.165125ms)
✔ V92, V101, V102: owner scope protects analyses, intents, submissions and receipt reads (18.084666ms)
✔ V102: signed registration retains exact signed bytes for an explicit retry after reload (12.061292ms)
✔ V101,V102: source updates after preparation block the first signed registration (26.813959ms)
✔ V101,V102: analysis that expires before first registration blocks a fresh intent (11.589875ms)
✔ V102: first submission rejects expired or changed transactions and preserves empty event history (6.801833ms)
✔ V102: concurrent registration creates exactly one submission and rejects changed registration (9.333708ms)
✔ V102: receipt requires registration and its retry returns the original result without another RPC read (11.841458ms)
✔ V102: receipt events remain immutable and CONFIRMED takes precedence over later pending reads (12.386584ms)
✔ V102: concurrent receipt retries append one event and request IDs cannot cross intents (15.4445ms)
✔ V102: one signed transaction cannot become two lending actions for the same owner (10.884ms)
✔ V102: foreign signature, invalid status and oversize receipt results are not persisted (31.602209ms)
✔ V92, V102: history shows newest20 summaries without discarding older intents (43.48175ms)
✔ V95, V102: storage and unknown adapter errors do not expose SQL or connection details (7.183959ms)
✔ V99/V100: live captures retain provenance, partition graphs and survive retries in Postgres (119.348209ms)
✔ V99: registry exposes only fixed public connector metadata and rejects arbitrary fetch targets (1.642333ms)
✔ V99: document capture retains exact raw bytes, hash, transport and receipt time (20.144ms)
✔ V99: Devnet capture binds both RPC exchanges to full genesis, account identity and slot (2.066959ms)
✔ V99: transport accepts URL normalization but rejects a different response target (1.527583ms)
✔ V99: an empty complete HTTP response retains its status and zero-byte body (0.536584ms)
✔ V99: wrong cluster and shortened chain reference cannot trigger an account request (3.373875ms)
✔ V99: source validation rejects forged raw hash, request, identity, version, and projection (2.406375ms)
✔ V99: missing, nonexecutable and malformed accounts become retained failed captures (7.362041ms)
✔ V99: interrupted and oversize bodies are never retained as complete evidence (1.404292ms)
✔ V99: stalled fetch has a bounded deadline even when injected transport ignores abort (1.290834ms)
✔ V99: failed refresh invalidates the current graph while historical graph remains usable at its cutoff (11.909375ms)
✔ V100: linked document and onchain account evidence produces OBSERVED with paths and no money approval (1.87675ms)
✔ V100: document alone, account alone, missing links, and reached hop bound cannot produce OBSERVED (1.9815ms)
✔ V100: stale and future evidence cannot produce OBSERVED (1.574417ms)
✔ V100: a document deployment conflict cannot be rescued by a valid account capture (2.443667ms)
✔ V99, V100: mixed modes, altered retained revisions, duplicate heads and forged graph provenance are rejected (1.45025ms)
✔ V99: source receipt times must remain monotonic and bounded by capturedAt (0.358791ms)
✔ V91: retains exact UTF-8 source text, hash, metadata, and source across a fresh connection (60.833875ms)
✔ V91: stale revision retry returns original metadata without restoring its head (9.606208ms)
✔ V91: later batch conflict rolls back earlier revision and head changes (8.329042ms)
✔ V91: concurrent head updates admit one winner and retain no rejected revision (8.001584ms)
✔ V91: concurrent identical source retries share one immutable revision (5.828042ms)
✔ V92: composite owner keys isolate identical revision IDs and every saved read (23.741042ms)
✔ V94: analysis retries and history keep the original graph after source changes and process reconnection (18.333042ms)
✔ V94: concurrent identical analysis requests return the same committed record (12.693667ms)
✔ V94: concurrent changed analysis arguments cannot reuse a request ID (7.169292ms)
✔ V94: analysis saves one source snapshot while a source batch waits to commit (7.8935ms)
✔ V91, V95: source cap rejects overflow and rolls back a preceding update (24.782709ms)
✔ V92, V94: history returns only the newest 20 records for its owner (17.904708ms)
✔ V95: invalid batch and query fields fail before source writes (1.25975ms)
✔ V95: database failures expose a stable message without connection or SQL details (0.298375ms)
✔ V95: readiness verifies schema version and rejects absent columns without DDL (5.33675ms)
✔ V95: schema setup refuses to connect without its explicit operator guard (157.672625ms)
ℹ tests 101
ℹ suites 0
ℹ pass 101
ℹ fail 0
ℹ cancelled 0
ℹ skipped 0
ℹ todo 0
ℹ duration_ms 6242.537042
