
> falconos-web@0.0.0 build
> npm run build:site


> falconos-web@0.0.0 build:site
> vite build

vite v8.3.0 building client environment for production...
transforming...
✓ 116 modules transformed.
rendering chunks...
computing gzip size...
dist/assets/falcon-tVU9rPew.svg                   0.15 kB │ gzip:  0.14 kB
dist/dashboard/index.html                         1.07 kB │ gzip:  0.54 kB
dist/index.html                                   1.47 kB │ gzip:  0.66 kB
dist/dash/index.html                              3.92 kB │ gzip:  1.21 kB
dist/assets/FONT-LICENSE-DHFm1KP1.txt             4.38 kB │ gzip:  1.97 kB
dist/product/index.html                           4.96 kB │ gzip:  1.68 kB
dist/research/index.html                          6.83 kB │ gzip:  2.17 kB
dist/app/index.html                              13.05 kB │ gzip:  3.60 kB
dist/mesh/index.html                             14.74 kB │ gzip:  4.35 kB
dist/treasury/index.html                         15.67 kB │ gzip:  4.62 kB
dist/assets/geist-mono-regular-BV1xlXkC.ttf      71.16 kB
dist/assets/geist-regular-BktvGMAi.ttf           72.91 kB
dist/assets/geist-medium-BBUaz6Yt.ttf            72.99 kB
dist/assets/geist-semibold-DsJNybWY.ttf          73.04 kB
dist/assets/app-CdLt-zkH.css                      8.86 kB │ gzip:  2.36 kB
dist/assets/terminal-gz-_lJD7.css                11.36 kB │ gzip:  2.83 kB
dist/assets/mesh-CeVDsQlk.css                    17.27 kB │ gzip:  4.25 kB
dist/assets/treasury-Dhgfkcad.css                23.63 kB │ gzip:  5.44 kB
dist/assets/dashboard-DkTy1_Xl.css               29.29 kB │ gzip:  6.83 kB
dist/assets/main-DTNyFvQo.css                    36.80 kB │ gzip:  8.19 kB
dist/assets/modulepreload-polyfill-P2Xu9kJm.js    0.67 kB │ gzip:  0.38 kB
dist/assets/rolldown-runtime-B0Z9INg1.js          0.90 kB │ gzip:  0.51 kB
dist/assets/transaction-CIpP36Oy.js               5.45 kB │ gzip:  2.17 kB
dist/assets/treasury-Z9fuRU4r.js                 17.99 kB │ gzip:  6.38 kB
dist/assets/store-o_Evag90.js                    20.91 kB │ gzip:  6.61 kB
dist/assets/app-R9Lv_OKJ.js                      33.92 kB │ gzip: 10.90 kB
dist/assets/main-ByYKOjtC.js                     73.68 kB │ gzip: 18.05 kB
dist/assets/FONT-LICENSE-B0vi4pmd.js            218.88 kB │ gzip: 68.30 kB
dist/assets/dashboard-CNgJYtwZ.js               227.54 kB │ gzip: 26.92 kB
dist/assets/mesh-DrQ9Nrdm.js                    264.01 kB │ gzip: 82.81 kB

✓ built in 5.64s
